00000000  01 00 6f 36 35 00 00 00  00 10 06 00 00 04 00 00  |..o65...........|
00000010  00 40 00 00 04 00 00 00  00 00 00 ad 03 10 ad 00  |.@..............|
00000020  00 01 00 6c 31 00 02 82  03 80 00 00 00 00 00 00  |...l1...........|
00000030
