00000000  01 00 6f 36 35 00 00 00  00 10 09 00 00 04 00 00  |..o65...........|
00000010  00 40 00 00 04 00 00 00  00 00 00 ad 03 10 ad 06  |.@..............|
00000020  10 ad 00 00 01 00 6c 31  00 02 82 03 82 03 80 00  |......l1........|
00000030  00 00 00 00 00                                    |.....|
00000035
